
> lifemarkai@0.1.0 build
> next build

Γû▓ Next.js 16.2.4 (Turbopack)
- Environments: .env.local

  Creating an optimized production build ...
node.exe : Turbopack build encountered 1 warnings:
At line:1 char:1
+ & "C:\Program Files\nodejs/node.exe" "C:\Program Files\nodejs/node_mo ...
+ ~~~~~~~~~~~~~~~~~~~~~~~~~~~~~~~~~~~~~~~~~~~~~~~~~~~~~~~~~~~~~~~~~~~~~
    + CategoryInfo          : NotSpecified: (Turbopack build encountered 1 war 
   nings::String) [], RemoteException
    + FullyQualifiedErrorId : NativeCommandError
 
./next.config.mjs
Encountered unexpected file in NFT list
A file was traced that indicates that the whole project was traced 
unintentionally. Somewhere in the import trace below, there are:
- filesystem operations (like path.join, path.resolve or fs.readFile), or
- very dynamic requires (like require('./' + foo)).
To resolve this, you can
- remove them if possible, or
- only use them in development, or
- make sure they are statically scoped to some subfolder: 
path.join(process.cwd(), 'data', bar), or
- add ignore comments: path.join(/*turbopackIgnore: true*/ process.cwd(), bar)

Import trace:
  App Route:
    ./next.config.mjs
    ./app/api/tests/run/route.ts



> Build error occurred
Error: Turbopack build failed with 9 errors:
./app/api/mcp/route.ts:17:1
Module not found: Can't resolve '@/lib/supabase/admin'
  [90m15 |[0m
  [90m16 |[0m [36mimport[0m { [33mNextRequest[0m, [33mNextResponse[0m 
} [36mfrom[0m [32m"next/server"[0m;
[31m[1m>[0m [90m17 |[0m [36mimport[0m { createAdminClient } 
[36mfrom[0m [32m"@/lib/supabase/admin"[0m;
  [90m   |[0m 
[31m[1m^^^^^^^^^^^^^^^^^^^^^^^^^^^^^^^^^^^^^^^^^^^^^^^^^^^^^^^^^[0m
  [90m18 |[0m
  [90m19 |[0m [90m// ΓöÇΓöÇ MCP Protocol constants ΓöÇΓöÇΓöÇΓöÇΓöÇΓöÇΓöÇΓöÇΓ
öÇΓöÇΓöÇΓöÇΓöÇΓöÇΓöÇΓöÇΓöÇΓöÇΓöÇΓöÇΓöÇΓöÇΓöÇΓöÇΓöÇΓöÇΓöÇΓöÇΓöÇΓöÇΓöÇΓöÇΓöÇΓöÇΓö
ÇΓöÇΓöÇΓöÇΓöÇΓöÇΓöÇΓöÇΓöÇΓöÇΓöÇΓöÇΓöÇΓöÇΓöÇΓöÇΓöÇ[0m
  [90m20 |[0m [36mconst[0m [33mMCP_VERSION[0m = [32m"2024-11-05"[0m;

Import map: aliased to relative './lib/supabase/admin' inside of [project]/


Import trace:
  App Route:
    ./app/api/mcp/route.ts
    ./app/api/tests/run/route.ts

https://nextjs.org/docs/messages/module-not-found


./app/api/mcp/token/route.ts:7:1
Module not found: Can't resolve '@/lib/supabase/admin'
  [90m 5 |[0m [36mimport[0m { [33mNextResponse[0m } [36mfrom[0m 
[32m"next/server"[0m;
  [90m 6 |[0m [36mimport[0m { createClient } [36mfrom[0m 
[32m"@/lib/supabase/server"[0m;
[31m[1m>[0m [90m 7 |[0m [36mimport[0m { createAdminClient } 
[36mfrom[0m [32m"@/lib/supabase/admin"[0m;
  [90m   |[0m 
[31m[1m^^^^^^^^^^^^^^^^^^^^^^^^^^^^^^^^^^^^^^^^^^^^^^^^^^^^^^^^^[0m
  [90m 8 |[0m
  [90m 9 |[0m [36mexport[0m [36masync[0m [36mfunction[0m 
[33mGET[0m() {
  [90m10 |[0m   [36mconst[0m supabase = [36mawait[0m createClient();

Import map: aliased to relative './lib/supabase/admin' inside of [project]/


Import trace:
  App Route:
    ./app/api/mcp/token/route.ts
    ./app/api/tests/run/route.ts

https://nextjs.org/docs/messages/module-not-found


./app/api/projects/db-backup/route.ts:10:1
Module not found: Can't resolve '@/lib/supabase/admin'
  [90m 8 |[0m [36mimport[0m { [33mNextRequest[0m, [33mNextResponse[0m 
} [36mfrom[0m [32m"next/server"[0m;
  [90m 9 |[0m [36mimport[0m { createClient } [36mfrom[0m 
[32m"@/lib/supabase/server"[0m;
[31m[1m>[0m [90m10 |[0m [36mimport[0m { createAdminClient } 
[36mfrom[0m [32m"@/lib/supabase/admin"[0m;
  [90m   |[0m 
[31m[1m^^^^^^^^^^^^^^^^^^^^^^^^^^^^^^^^^^^^^^^^^^^^^^^^^^^^^^^^^[0m
  [90m11 |[0m
  [90m12 |[0m [90m// ΓöÇΓöÇ GET ΓÇö list backups ΓöÇΓöÇΓöÇΓöÇΓöÇΓöÇΓöÇΓöÇΓöÇ
ΓöÇΓöÇΓöÇΓöÇΓöÇΓöÇΓöÇΓöÇΓöÇΓöÇΓöÇΓöÇΓöÇΓöÇΓöÇΓöÇΓöÇΓöÇΓöÇΓöÇΓöÇΓöÇΓöÇΓöÇΓöÇΓöÇΓ
öÇΓöÇΓöÇΓöÇΓöÇΓöÇΓöÇΓöÇΓöÇΓöÇΓöÇΓöÇΓöÇΓöÇΓöÇΓöÇΓöÇΓöÇΓöÇΓöÇΓöÇ[0m
  [90m13 |[0m [36mexport[0m [36masync[0m [36mfunction[0m 
[33mGET[0m(req: [33mNextRequest[0m) {

Import map: aliased to relative './lib/supabase/admin' inside of [project]/


Import trace:
  App Route:
    ./app/api/projects/db-backup/route.ts
    ./app/api/tests/run/route.ts

https://nextjs.org/docs/messages/module-not-found


./app/api/referral/redeem/route.ts:3:1
Module not found: Can't resolve '@/lib/supabase/admin'
  [90m1 |[0m [36mimport[0m { [33mNextRequest[0m, [33mNextResponse[0m } 
[36mfrom[0m [32m"next/server"[0m;
  [90m2 |[0m [36mimport[0m { createClient } [36mfrom[0m 
[32m"@/lib/supabase/server"[0m;
[31m[1m>[0m [90m3 |[0m [36mimport[0m { createAdminClient } 
[36mfrom[0m [32m"@/lib/supabase/admin"[0m;
  [90m  |[0m 
[31m[1m^^^^^^^^^^^^^^^^^^^^^^^^^^^^^^^^^^^^^^^^^^^^^^^^^^^^^^^^^[0m
  [90m4 |[0m
  [90m5 |[0m [36mconst[0m [33mREFERRER_BONUS[0m = [35m25[0m;
  [90m6 |[0m [36mconst[0m [33mREFEREE_BONUS[0m  = [35m10[0m;

Import map: aliased to relative './lib/supabase/admin' inside of [project]/


Import trace:
  App Route:
    ./app/api/referral/redeem/route.ts
    ./app/api/tests/run/route.ts

https://nextjs.org/docs/messages/module-not-found


./app/api/referral/route.ts:7:1
Module not found: Can't resolve '@/lib/supabase/admin'
  [90m 5 |[0m [36mimport[0m { [33mNextRequest[0m, [33mNextResponse[0m 
} [36mfrom[0m [32m"next/server"[0m;
  [90m 6 |[0m [36mimport[0m { createClient } [36mfrom[0m 
[32m"@/lib/supabase/server"[0m;
[31m[1m>[0m [90m 7 |[0m [36mimport[0m { createAdminClient } 
[36mfrom[0m [32m"@/lib/supabase/admin"[0m;
  [90m   |[0m 
[31m[1m^^^^^^^^^^^^^^^^^^^^^^^^^^^^^^^^^^^^^^^^^^^^^^^^^^^^^^^^^[0m
  [90m 8 |[0m
  [90m 9 |[0m [36mconst[0m [33mREFERRER_BONUS[0m  = [35m25[0m;  
[90m// credits given to the person who referred[0m
  [90m10 |[0m [36mconst[0m [33mREFEREE_BONUS[0m   = [35m10[0m;  
[90m// credits given to the new user who was referred[0m

Import map: aliased to relative './lib/supabase/admin' inside of [project]/


Import trace:
  App Route:
    ./app/api/referral/route.ts
    ./app/api/tests/run/route.ts

https://nextjs.org/docs/messages/module-not-found


./app/api/projects/[id]/browser-test/route.ts:210:25
Module not found: Can't resolve <dynamic>
  [90m208 |[0m         [36mawait[0m [36mnew[0m 
[33mPromise[0m<[36mvoid[0m>((resolve) => {
  [90m209 |[0m           [90m// Run via node directly (the script requires 
playwright)[0m
[31m[1m>[0m [90m210 |[0m           [36mconst[0m child = 
spawn([32m"node"[0m, [scriptPath], {
  [90m    |[0m                         
[31m[1m^^^^^^^^^^^^^^^^^^^^^^^^^^^^[0m
[31m[1m>[0m [90m211 |[0m             cwd: tmpDir,
  [90m    |[0m [31m[1m^^^^^^^^^^^^^^^^^^^^^^^^[0m
[31m[1m>[0m [90m212 |[0m             env: {
  [90m    |[0m [31m[1m^^^^^^^^^^^^^^^^^^[0m
[31m[1m>[0m [90m213 |[0m               ...process.env,
  [90m    |[0m [31m[1m^^^^^^^^^^^^^^^^^^^^^^^^^^^^^[0m
[31m[1m>[0m [90m214 |[0m               [33mPLAYWRIGHT_BROWSERS_PATH[0m: 
process.env.[33mPLAYWRIGHT_BROWSERS_PATH[0m ?? [32m"0"[0m,
  [90m    |[0m [31m[1m^^^^^^^^^^^^^^^^^^^^^^^^^^^^^^^^^^^^^^^^^^^^^^^^^^^^^
^^^^^^^^^^^^^^^^^^^^^^^^^^^^^^^[0m
[31m[1m>[0m [90m215 |[0m             },
  [90m    |[0m [31m[1m^^^^^^^^^^^^^^[0m
[31m[1m>[0m [90m216 |[0m             timeout: [35m55[0m_000,
  [90m    |[0m [31m[1m^^^^^^^^^^^^^^^^^^^^^^^^^^^^[0m
[31m[1m>[0m [90m217 |[0m           });
  [90m    |[0m [31m[1m^^^^^^^^^^^^[0m
  [90m218 |[0m
  [90m219 |[0m           [36mlet[0m stdout = [32m""[0m;
  [90m220 |[0m



Import trace:
  App Route:
    ./app/api/projects/[id]/browser-test/route.ts
    ./app/api/tests/run/route.ts

https://nextjs.org/docs/messages/module-not-found


./app/api/ai/chat/route.ts:5:1
Export buildNextJSPrompt doesn't exist in target module
  [90m 3 |[0m [36mimport[0m { generateAI } [36mfrom[0m 
[32m"@/lib/ai/provider"[0m;
  [90m 4 |[0m [36mimport[0m { sendLowCreditsEmail } [36mfrom[0m 
[32m"@/lib/email/resend"[0m;
[31m[1m>[0m [90m 5 |[0m [36mimport[0m {
  [90m   |[0m [31m[1m^^^^^^^[0m
[31m[1m>[0m [90m 6 |[0m   [33mCHAT_SYSTEM_PROMPT[0m,
  [90m   |[0m [31m[1m^^^^^^^^^^^^^^^^^^^^^[0m
[31m[1m>[0m [90m 7 |[0m   [33mPLAN_SYSTEM_PROMPT[0m,
  [90m   |[0m [31m[1m^^^^^^^^^^^^^^^^^^^^^[0m
[31m[1m>[0m [90m 8 |[0m   [33mAUTO_FIX_SYSTEM_PROMPT[0m,
  [90m   |[0m [31m[1m^^^^^^^^^^^^^^^^^^^^^^^^^[0m
[31m[1m>[0m [90m 9 |[0m   [33mPATCH_SYSTEM_PROMPT[0m,
  [90m   |[0m [31m[1m^^^^^^^^^^^^^^^^^^^^^^[0m
[31m[1m>[0m [90m10 |[0m   buildGenerationPrompt,
  [90m   |[0m [31m[1m^^^^^^^^^^^^^^^^^^^^^^^^[0m
[31m[1m>[0m [90m11 |[0m   buildReactNativePrompt,
  [90m   |[0m [31m[1m^^^^^^^^^^^^^^^^^^^^^^^^^[0m
[31m[1m>[0m [90m12 |[0m   buildNextJSPrompt,
  [90m   |[0m [31m[1m^^^^^^^^^^^^^^^^^^^^[0m
[31m[1m>[0m [90m13 |[0m   buildProjectContext,
  [90m   |[0m [31m[1m^^^^^^^^^^^^^^^^^^^^^^[0m
[31m[1m>[0m [90m14 |[0m   buildRepairPrompt,
  [90m   |[0m [31m[1m^^^^^^^^^^^^^^^^^^^^[0m
[31m[1m>[0m [90m15 |[0m } [36mfrom[0m 
[32m"@/lib/ai/system-prompts"[0m;
  [90m   |[0m [31m[1m^^^^^^^^^^^^^^^^^^^^^^^^^^^^^^^^^[0m
  [90m16 |[0m [36mimport[0m { applyPatches, parsePatchResponse } 
[36mfrom[0m [32m"@/lib/ai/patch-applier"[0m;
  [90m17 |[0m [36mimport[0m { parseAIResponse, validateGeneratedFiles, 
shouldAutoFix, [36mtype[0m [33mParsedFile[0m } [36mfrom[0m [32m"@...[0m
  [90m18 |[0m [36mimport[0m { [33mStreamingFileExtractor[0m } 
[36mfrom[0m [32m"@/lib/ai/streaming-file-extractor"[0m;

The export buildNextJSPrompt was not found in module 
[project]/lib/ai/system-prompts.ts [app-route] (ecmascript).
Did you mean to import buildGenerationPrompt?
All exports of the module are statically known (It doesn't have dynamic 
exports). So it's known statically that the requested export doesn't exist.

Import trace:
  App Route:
    ./app/api/ai/chat/route.ts
    ./app/api/tests/run/route.ts


./app/api/ai/chat/route.ts:5:1
Export buildReactNativePrompt doesn't exist in target module
  [90m 3 |[0m [36mimport[0m { generateAI } [36mfrom[0m 
[32m"@/lib/ai/provider"[0m;
  [90m 4 |[0m [36mimport[0m { sendLowCreditsEmail } [36mfrom[0m 
[32m"@/lib/email/resend"[0m;
[31m[1m>[0m [90m 5 |[0m [36mimport[0m {
  [90m   |[0m [31m[1m^^^^^^^[0m
[31m[1m>[0m [90m 6 |[0m   [33mCHAT_SYSTEM_PROMPT[0m,
  [90m   |[0m [31m[1m^^^^^^^^^^^^^^^^^^^^^[0m
[31m[1m>[0m [90m 7 |[0m   [33mPLAN_SYSTEM_PROMPT[0m,
  [90m   |[0m [31m[1m^^^^^^^^^^^^^^^^^^^^^[0m
[31m[1m>[0m [90m 8 |[0m   [33mAUTO_FIX_SYSTEM_PROMPT[0m,
  [90m   |[0m [31m[1m^^^^^^^^^^^^^^^^^^^^^^^^^[0m
[31m[1m>[0m [90m 9 |[0m   [33mPATCH_SYSTEM_PROMPT[0m,
  [90m   |[0m [31m[1m^^^^^^^^^^^^^^^^^^^^^^[0m
[31m[1m>[0m [90m10 |[0m   buildGenerationPrompt,
  [90m   |[0m [31m[1m^^^^^^^^^^^^^^^^^^^^^^^^[0m
[31m[1m>[0m [90m11 |[0m   buildReactNativePrompt,
  [90m   |[0m [31m[1m^^^^^^^^^^^^^^^^^^^^^^^^^[0m
[31m[1m>[0m [90m12 |[0m   buildNextJSPrompt,
  [90m   |[0m [31m[1m^^^^^^^^^^^^^^^^^^^^[0m
[31m[1m>[0m [90m13 |[0m   buildProjectContext,
  [90m   |[0m [31m[1m^^^^^^^^^^^^^^^^^^^^^^[0m
[31m[1m>[0m [90m14 |[0m   buildRepairPrompt,
  [90m   |[0m [31m[1m^^^^^^^^^^^^^^^^^^^^[0m
[31m[1m>[0m [90m15 |[0m } [36mfrom[0m 
[32m"@/lib/ai/system-prompts"[0m;
  [90m   |[0m [31m[1m^^^^^^^^^^^^^^^^^^^^^^^^^^^^^^^^^[0m
  [90m16 |[0m [36mimport[0m { applyPatches, parsePatchResponse } 
[36mfrom[0m [32m"@/lib/ai/patch-applier"[0m;
  [90m17 |[0m [36mimport[0m { parseAIResponse, validateGeneratedFiles, 
shouldAutoFix, [36mtype[0m [33mParsedFile[0m } [36mfrom[0m [32m"@...[0m
  [90m18 |[0m [36mimport[0m { [33mStreamingFileExtractor[0m } 
[36mfrom[0m [32m"@/lib/ai/streaming-file-extractor"[0m;

The export buildReactNativePrompt was not found in module 
[project]/lib/ai/system-prompts.ts [app-route] (ecmascript).
Did you mean to import buildGenerationPrompt?
All exports of the module are statically known (It doesn't have dynamic 
exports). So it's known statically that the requested export doesn't exist.

Import trace:
  App Route:
    ./app/api/ai/chat/route.ts
    ./app/api/tests/run/route.ts


./app/api/ai/chat/route.ts:5:1
Export buildRepairPrompt doesn't exist in target module
  [90m 3 |[0m [36mimport[0m { generateAI } [36mfrom[0m 
[32m"@/lib/ai/provider"[0m;
  [90m 4 |[0m [36mimport[0m { sendLowCreditsEmail } [36mfrom[0m 
[32m"@/lib/email/resend"[0m;
[31m[1m>[0m [90m 5 |[0m [36mimport[0m {
  [90m   |[0m [31m[1m^^^^^^^[0m
[31m[1m>[0m [90m 6 |[0m   [33mCHAT_SYSTEM_PROMPT[0m,
  [90m   |[0m [31m[1m^^^^^^^^^^^^^^^^^^^^^[0m
[31m[1m>[0m [90m 7 |[0m   [33mPLAN_SYSTEM_PROMPT[0m,
  [90m   |[0m [31m[1m^^^^^^^^^^^^^^^^^^^^^[0m
[31m[1m>[0m [90m 8 |[0m   [33mAUTO_FIX_SYSTEM_PROMPT[0m,
  [90m   |[0m [31m[1m^^^^^^^^^^^^^^^^^^^^^^^^^[0m
[31m[1m>[0m [90m 9 |[0m   [33mPATCH_SYSTEM_PROMPT[0m,
  [90m   |[0m [31m[1m^^^^^^^^^^^^^^^^^^^^^^[0m
[31m[1m>[0m [90m10 |[0m   buildGenerationPrompt,
  [90m   |[0m [31m[1m^^^^^^^^^^^^^^^^^^^^^^^^[0m
[31m[1m>[0m [90m11 |[0m   buildReactNativePrompt,
  [90m   |[0m [31m[1m^^^^^^^^^^^^^^^^^^^^^^^^^[0m
[31m[1m>[0m [90m12 |[0m   buildNextJSPrompt,
  [90m   |[0m [31m[1m^^^^^^^^^^^^^^^^^^^^[0m
[31m[1m>[0m [90m13 |[0m   buildProjectContext,
  [90m   |[0m [31m[1m^^^^^^^^^^^^^^^^^^^^^^[0m
[31m[1m>[0m [90m14 |[0m   buildRepairPrompt,
  [90m   |[0m [31m[1m^^^^^^^^^^^^^^^^^^^^[0m
[31m[1m>[0m [90m15 |[0m } [36mfrom[0m 
[32m"@/lib/ai/system-prompts"[0m;
  [90m   |[0m [31m[1m^^^^^^^^^^^^^^^^^^^^^^^^^^^^^^^^^[0m
  [90m16 |[0m [36mimport[0m { applyPatches, parsePatchResponse } 
[36mfrom[0m [32m"@/lib/ai/patch-applier"[0m;
  [90m17 |[0m [36mimport[0m { parseAIResponse, validateGeneratedFiles, 
shouldAutoFix, [36mtype[0m [33mParsedFile[0m } [36mfrom[0m [32m"@...[0m
  [90m18 |[0m [36mimport[0m { [33mStreamingFileExtractor[0m } 
[36mfrom[0m [32m"@/lib/ai/streaming-file-extractor"[0m;

The export buildRepairPrompt was not found in module 
[project]/lib/ai/system-prompts.ts [app-route] (ecmascript).
Did you mean to import buildGenerationPrompt?
All exports of the module are statically known (It doesn't have dynamic 
exports). So it's known statically that the requested export doesn't exist.

Import trace:
  App Route:
    ./app/api/ai/chat/route.ts
    ./app/api/tests/run/route.ts


    at <unknown> (./app/api/mcp/route.ts:17:1)
    at <unknown> (https://nextjs.org/docs/messages/module-not-found)
    at <unknown> (./app/api/mcp/token/route.ts:7:1)
    at <unknown> (https://nextjs.org/docs/messages/module-not-found)
    at <unknown> (./app/api/projects/db-backup/route.ts:10:1)
    at <unknown> (https://nextjs.org/docs/messages/module-not-found)
    at <unknown> (./app/api/referral/redeem/route.ts:3:1)
    at <unknown> (https://nextjs.org/docs/messages/module-not-found)
    at <unknown> (./app/api/referral/route.ts:7:1)
    at <unknown> (https://nextjs.org/docs/messages/module-not-found)
    at <unknown> (./app/api/projects/[id]/browser-test/route.ts:210:25)
    at <unknown> (https://nextjs.org/docs/messages/module-not-found)
    at <unknown> (./app/api/ai/chat/route.ts:5:1)
    at <unknown> (./app/api/ai/chat/route.ts:5:1)
    at <unknown> (./app/api/ai/chat/route.ts:5:1)
